cargo :    Compiling proc-macro2 v1.0.106
In Zeile:10 Zeichen:1
+ cargo check --lib --message-format=json > dead_code.json 2> errors.tx ...
+ ~~~~~~~~~~~~~~~~~~~~~~~~~~~~~~~~~~~~~~~~~~~~~~~~~~~~~~~~~~~~~~~~~~~~~
    + CategoryInfo          : NotSpecified: (   Compiling proc-macro2 v1.0.106:String) [], RemoteException
    + FullyQualifiedErrorId : NativeCommandError
 
   Compiling quote v1.0.46
   Compiling unicode-ident v1.0.24
    Checking windows-link v0.2.1
    Checking cfg-if v1.0.4
    Checking stable_deref_trait v1.2.1
    Checking smallvec v1.15.2
    Checking log v0.4.33
    Checking bitflags v2.13.0
    Checking memchr v2.8.2
    Checking once_cell v1.21.4
    Checking pin-project-lite v0.2.17
   Compiling windows_x86_64_msvc v0.52.6
   Compiling autocfg v1.5.1
   Compiling libc v0.2.186
    Checking bytes v1.12.0
    Checking windows-sys v0.61.2
    Checking equivalent v1.0.2
   Compiling cfg_aliases v0.1.1
   Compiling crossbeam-utils v0.8.21
    Checking itoa v1.0.18
    Checking simd-adler32 v0.3.9
    Checking arrayvec v0.7.7
    Checking futures-core v0.3.32
   Compiling zerocopy v0.8.52
   Compiling crc32fast v1.5.0
    Checking adler2 v2.0.1
    Checking litemap v0.8.2
    Checking writeable v0.6.3
    Checking hashbrown v0.17.1
    Checking miniz_oxide v0.8.9
   Compiling rayon-core v1.13.0
   Compiling num-traits v0.2.19
   Compiling syn v1.0.109
   Compiling icu_properties_data v2.2.0
   Compiling parking_lot_core v0.9.12
   Compiling find-msvc-tools v0.1.9
   Compiling khronos_api v3.1.0
    Checking utf8_iter v1.0.4
   Compiling shlex v2.0.1
    Checking windows-targets v0.52.6
   Compiling icu_normalizer_data v2.2.0
    Checking percent-encoding v2.3.2
    Checking indexmap v2.14.0
   Compiling thiserror v1.0.69
   Compiling winapi v0.3.9
    Checking scopeguard v1.2.0
    Checking http v1.4.2
    Checking flate2 v1.1.9
    Checking lock_api v0.4.14
    Checking crossbeam-epoch v0.9.18
   Compiling cc v1.2.65
    Checking tracing-core v0.1.36
    Checking crossbeam-deque v0.8.6
    Checking libloading v0.8.9
    Checking num-integer v0.1.46
   Compiling anyhow v1.0.103
    Checking either v1.16.0
   Compiling serde_core v1.0.228
   Compiling xml-rs v0.8.28
    Checking slab v0.4.12
    Checking parking_lot v0.12.5
   Compiling syn v2.0.118
    Checking tracing v0.1.44
    Checking num-bigint v0.4.6
   Compiling version_check v0.9.5
    Checking socket2 v0.6.4
    Checking mio v1.2.1
    Checking winapi-util v0.1.11
    Checking foldhash v0.1.5
   Compiling thiserror v2.0.18
    Checking futures-sink v0.3.32
    Checking allocator-api2 v0.2.21
    Checking zeroize v1.9.0
    Checking termcolor v1.4.1
   Compiling ahash v0.8.12
    Checking rayon v1.12.0
    Checking rustls-pki-types v1.15.0
    Checking http-body v1.0.1
   Compiling gl_generator v0.14.0
    Checking form_urlencoded v1.2.2
    Checking windows-core v0.52.0
    Checking hashbrown v0.15.5
   Compiling ring v0.17.14
   Compiling naga v22.1.0
    Checking as-slice v0.2.1
    Checking getrandom v0.2.17
   Compiling paste v1.0.15
    Checking unicode-width v0.1.14
   Compiling built v0.8.1
    Checking futures-task v0.3.32
   Compiling av-scenechange v0.14.1
    Checking num-rational v0.4.2
    Checking bit-vec v0.7.0
    Checking untrusted v0.9.0
   Compiling zmij v1.0.21
   Compiling khronos-egl v6.0.0
   Compiling serde v1.0.228
   Compiling glutin_wgl_sys v0.6.1
    Checking ttf-parser v0.25.1
    Checking raw-window-handle v0.6.2
   Compiling ash v0.38.0+1.3.281
   Compiling httparse v1.10.1
   Compiling rav1e v0.8.1
    Checking windows v0.52.0
    Checking bit-set v0.6.0
    Checking codespan-reporting v0.11.1
    Checking futures-util v0.3.32
    Checking aligned v0.4.3
    Checking nom v8.0.0
    Checking no_std_io2 v0.9.4
    Checking spirv v0.3.0+sdk-1.3.268.0
    Checking gpu-descriptor-types v0.2.0
    Checking gpu-alloc-types v0.3.1
   Compiling wgpu-hal v22.0.0
    Checking rustc-hash v1.1.0
    Checking tower-service v0.3.3
    Checking widestring v1.2.1
    Checking once_cell_polyfill v1.70.2
    Checking fnv v1.0.7
    Checking anstyle v1.0.14
   Compiling pastey v0.1.1
    Checking try-lock v0.2.5
    Checking hexf-parse v0.2.1
    Checking ab_glyph_rasterizer v0.1.10
    Checking atomic-waker v1.1.2
    Checking utf8parse v0.2.2
    Checking presser v0.3.1
    Checking typenum v1.20.1
    Checking quick-error v2.0.1
    Checking unicode-xid v0.2.6
   Compiling rustls v0.23.41
   Compiling serde_json v1.0.150
    Checking y4m v0.8.0
   Compiling com_macros_support v0.6.0
    Checking anstyle-parse v1.0.0
    Checking anstyle-wincon v3.0.11
    Checking want v0.3.1
    Checking gpu-alloc v0.6.2
    Checking gpu-descriptor v0.3.2
    Checking maybe-rayon v0.1.1
    Checking bitstream-io v4.10.0
   Compiling simd_helpers v0.1.0
    Checking hybrid-array v0.4.13
    Checking anstyle-query v1.1.5
   Compiling synstructure v0.13.2
    Checking itertools v0.14.0
    Checking aho-corasick v1.1.4
    Checking futures-channel v0.3.32
    Checking d3d12 v22.0.0
    Checking wgpu-types v22.0.0
   Compiling wgpu-core v22.1.0
   Compiling cfg_aliases v0.2.1
    Checking owned_ttf_parser v0.25.1
    Checking colorchoice v1.0.5
   Compiling noop_proc_macro v0.3.0
    Checking glow v0.13.1
    Checking ab_glyph v0.2.32
   Compiling litrs v1.0.0
    Checking nohash-hasher v0.2.0
    Checking renderdoc-sys v1.1.0
    Checking imgref v1.12.2
    Checking new_debug_unreachable v1.0.6
    Checking epaint_default_fonts v0.29.1
    Checking regex-syntax v0.8.11
    Checking compression-core v0.4.32
    Checking zune-core v0.5.1
    Checking is_terminal_polyfill v1.70.2
    Checking range-alloc v0.1.5
    Checking weezl v0.1.12
    Checking subtle v2.6.1
    Checking anstream v1.0.0
    Checking compression-codecs v0.4.38
    Checking loop9 v0.1.5
   Compiling winit v0.30.13
   Compiling com_macros v0.6.0
    Checking avif-serialize v0.8.9
    Checking zune-inflate v0.2.54
    Checking fdeflate v0.3.7
    Checking zune-jpeg v0.5.15
   Compiling document-features v0.2.12
    Checking sync_wrapper v1.0.2
   Compiling wgpu v22.1.0
    Checking base64 v0.22.1
    Checking com v0.6.0
    Checking fax v0.2.7
    Checking error-code v3.3.2
    Checking bit_field v0.10.3
    Checking color_quant v1.1.0
    Checking lebe v0.5.3
    Checking pxfm v0.1.29
   Compiling inflections v1.1.1
    Checking byteorder-lite v0.1.0
    Checking ipnet v2.12.0
    Checking tower-layer v0.3.3
    Checking rgb v0.8.53
    Checking gif v0.14.2
    Checking regex-automata v0.4.14
    Checking clipboard-win v5.4.1
    Checking rustls-webpki v0.103.13
    Checking png v0.18.1
    Checking image-webp v0.2.4
    Checking block-buffer v0.12.1
    Checking crypto-common v0.2.2
    Checking webpki-roots v1.0.8
    Checking http-body-util v0.1.3
    Checking windows-sys v0.59.0
    Checking windows-sys v0.52.0
    Checking web-time v1.1.0
    Checking strsim v0.11.1
   Compiling zerofrom-derive v0.1.7
   Compiling yoke-derive v0.8.2
   Compiling zerovec-derive v0.11.3
   Compiling displaydoc v0.2.6
   Compiling zerocopy-derive v0.8.52
   Compiling tokio-macros v2.7.0
   Compiling bytemuck_derive v1.10.2
   Compiling profiling-procmacros v1.0.18
   Compiling equator-macro v0.4.2
   Compiling thiserror-impl v1.0.69
   Compiling thiserror-impl v2.0.18
    Checking profiling v1.0.18
   Compiling arg_enum_proc_macro v0.3.4
    Checking tokio v1.52.3
   Compiling num-derive v0.4.2
    Checking equator v0.4.2
   Compiling gltf-derive v1.4.1
   Compiling serde_derive v1.0.228
    Checking zerofrom v0.1.8
    Checking bytemuck v1.25.0
    Checking ryu v1.0.23
    Checking aligned-vec v0.6.4
    Checking rustc-hash v2.1.2
   Compiling heck v0.5.0
    Checking v_frame v0.3.9
    Checking yoke v0.8.3
    Checking unicode-segmentation v1.13.3
    Checking av1-grain v0.2.5
    Checking emath v0.29.1
    Checking qoi v0.4.1
    Checking const-oid v0.10.2
    Checking zerovec v0.11.6
    Checking zerotrie v0.2.4
    Checking regex v1.12.4
    Checking dpi v0.1.2
    Checking cursor-icon v1.2.0
    Checking gpu-allocator v0.26.0
    Checking hassle-rs v0.11.0
    Checking static_assertions v1.1.0
    Checking ecolor v0.29.1
    Checking clap_lex v1.1.0
    Checking smol_str v0.2.2
    Checking env_filter v2.0.0
    Checking clap_builder v4.6.0
    Checking digest v0.11.3
   Compiling clap_derive v4.6.1
    Checking serde_urlencoded v0.7.1
    Checking type-map v0.5.1
    Checking arboard v3.6.1
    Checking encoding_rs v0.8.35
    Checking tinystr v0.8.3
    Checking potential_utf v0.1.5
    Checking icu_collections v2.2.0
    Checking lazy_static v1.5.0
    Checking icu_locale_core v2.2.0
    Checking jiff v0.2.31
    Checking mime v0.3.17
    Checking byteorder v1.5.0
    Checking urlencoding v2.1.3
    Checking cpufeatures v0.3.0
    Checking base64 v0.13.1
    Checking sha2 v0.11.0
   Compiling async-trait v0.1.89
    Checking lru v0.12.5
    Checking icu_provider v2.2.0
    Checking pollster v0.3.0
    Checking moxcms v0.8.1
    Checking glam v0.27.0
    Checking clap v4.6.1
    Checking gltf-json v1.4.1
    Checking icu_normalizer v2.2.0
    Checking icu_properties v2.2.0
    Checking half v2.7.1
    Checking epaint v0.29.1
    Checking idna_adapter v1.2.2
    Checking exr v1.74.0
    Checking tiff v0.11.3
    Checking idna v1.1.0
    Checking url v2.5.8
    Checking tokio-util v0.7.18
    Checking tower v0.5.3
    Checking async-compression v0.4.42
    Checking tokio-rustls v0.26.4
    Checking webbrowser v1.2.1
    Checking egui v0.29.1
    Checking env_logger v0.11.11
    Checking h2 v0.4.15
    Checking tower-http v0.6.11
    Checking ravif v0.13.0
    Checking image v0.25.10
    Checking hyper v1.10.1
    Checking egui-winit v0.29.1
    Checking hyper-util v0.1.20
    Checking gltf v1.4.1
    Checking hyper-rustls v0.27.9
    Checking reqwest v0.12.28
    Checking egui-wgpu v0.29.1
    Checking cesium_rs v0.1.0 (C:\Users\kamme\Desktop\CesiumRS)
error: could not compile `cesium_rs` (lib) due to 1 previous error; 4 warnings emitted
